// Jest Snapshot v1, https://goo.gl/fbAQLP

exports[`matches snapshot 1`] = `
<DocumentFragment>
  <div
    class="Box"
    role="figure"
    style="margin: 1rem;"
  >
    <button
      class="Box-btn"
    >
      X
    </button>
  </div>
</DocumentFragment>
`;
