// Jest Snapshot v1, https://goo.gl/fbAQLP

exports[`matches snapshot 1`] = `
<DocumentFragment>
  <form>
    <label
      for="name"
    >
      Name of Task
    </label>
    <input
      id="name"
      name="name"
      placeholder="Name of Task"
      type="text"
      value=""
    />
    <button>
      Make Changes
    </button>
  </form>
</DocumentFragment>
`;
